interactions:
- request:
    body: ''
    headers:
      accept:
      - '*/*'
      connection:
      - keep-alive
    method: GET
    uri: http://localhost:8000/v1/functions/by_path/translate
  response:
    body:
      string: '{"errors":[{"type":"HTTPException","message":"Function not found","detail":"Function
        not found"}]}'
    headers:
      content-length:
      - '98'
      content-type:
      - application/json
      date:
      - Tue, 15 Oct 2024 14:18:10 GMT
      server:
      - uvicorn
    status:
      code: 404
      message: Not Found
- request:
    body: ''
    headers:
      accept:
      - '*/*'
      connection:
      - keep-alive
    method: GET
    uri: http://localhost:8000/v1/functions/by_path/translate
  response:
    body:
      string: '{"errors":[{"type":"HTTPException","message":"Function not found","detail":"Function
        not found"}]}'
    headers:
      content-length:
      - '98'
      content-type:
      - application/json
      date:
      - Tue, 15 Oct 2024 14:18:10 GMT
      server:
      - uvicorn
    status:
      code: 404
      message: Not Found
- request:
    body: '{"uuid": null, "path": "translate", "description": "Translate text to a
      target language.", "input_schema": null, "out_schema": {"type": "string"}, "instructions":
      "Operation: translate\n\nOperation description: Translate text to a target language.",
      "model": null, "index_ids": [], "use_semantic_search": null, "few_shot": null,
      "few_shot_count": null, "cache_configuration": null, "dataset_uuid": null}'
    headers:
      accept:
      - '*/*'
      connection:
      - keep-alive
      content-length:
      - '403'
      content-type:
      - application/json
    method: POST
    uri: http://localhost:8000/v1/functions
  response:
    body:
      string: '{"id":49,"uuid":"8cb73d91-d845-41f2-b9c6-24e1eae960af","dataset_uuid":"4e75f8b7-47b1-47c5-bc6b-1399fb603aff","description":"Translate
        text to a target language.","few_shot_count":2,"few_shot":false,"index_ids":[],"input_schema":null,"instructions":"Operation:
        translate\n\nOperation description: Translate text to a target language.","language_model_id":null,"model":"azure/gpt4-eu","out_schema":{"type":"string"},"path":"translate","project":{"uuid":"e64848ae-df03-4c0b-9a6f-4c498bf3dc8b","name":"asdfasdf"},"revision":1,"use_semantic_search":false}'
    headers:
      content-length:
      - '550'
      content-type:
      - application/json
      date:
      - Tue, 15 Oct 2024 14:18:10 GMT
      server:
      - uvicorn
    status:
      code: 200
      message: OK
- request:
    body: '{"name": null, "instructions": "you are a helpful assistant", "input_schema":
      null, "input": {"text": "Hello", "target_language": "es"}, "output_schema":
      null, "model": null, "examples": null, "stream": false, "parent_span_uuid":
      null, "configuration": null}'
    headers:
      accept:
      - '*/*'
      connection:
      - keep-alive
      content-length:
      - '258'
      content-type:
      - application/json
    method: POST
    uri: http://localhost:8000/v1/functions/8cb73d91-d845-41f2-b9c6-24e1eae960af/call
  response:
    body:
      string: '{"span_id":"268f5ecc-08a7-46af-b046-7ef8ffc18946","message":null,"json_payload":"Hola","context":null,"cached":false}'
    headers:
      content-length:
      - '117'
      content-type:
      - application/json
      date:
      - Tue, 15 Oct 2024 14:18:10 GMT
      server:
      - uvicorn
    status:
      code: 200
      message: OK
- request:
    body: '{"name": null, "instructions": "you are a helpful assistant", "input_schema":
      null, "input": {"text": "Hello", "target_language": "es"}, "output_schema":
      null, "model": null, "examples": null, "stream": false, "parent_span_uuid":
      null, "configuration": null}'
    headers:
      accept:
      - '*/*'
      connection:
      - keep-alive
      content-length:
      - '258'
      content-type:
      - application/json
    method: POST
    uri: http://localhost:8000/v1/functions/8cb73d91-d845-41f2-b9c6-24e1eae960af/call
  response:
    body:
      string: '{"span_id":"80a2e8e6-7692-41a9-811a-37f62ce6c35f","message":null,"json_payload":"Hola","context":null,"cached":false}'
    headers:
      content-length:
      - '117'
      content-type:
      - application/json
      date:
      - Tue, 15 Oct 2024 14:18:12 GMT
      server:
      - uvicorn
    status:
      code: 200
      message: OK
- request:
    body: '{"dimension": "metric", "value": 1.0, "comment": null}'
    headers:
      accept:
      - '*/*'
      connection:
      - keep-alive
      content-length:
      - '54'
      content-type:
      - application/json
    method: POST
    uri: http://localhost:8000/v1/spans/80a2e8e6-7692-41a9-811a-37f62ce6c35f/metrics
  response:
    body:
      string: '{"id":"a31d735d-4b8f-47f0-84f0-779fdb8f12e0","span_id":"80a2e8e6-7692-41a9-811a-37f62ce6c35f","dimension":"metric","value":1.0,"comment":null,"updated_at":null,"created_at":"2024-10-15T14:18:14.845000Z"}'
    headers:
      content-length:
      - '203'
      content-type:
      - application/json
      date:
      - Tue, 15 Oct 2024 14:18:14 GMT
      server:
      - uvicorn
    status:
      code: 200
      message: OK
version: 1
