interactions:
- request:
    body: ''
    headers:
      accept:
      - '*/*'
      connection:
      - keep-alive
    method: GET
    uri: http://localhost:8000/v1/functions/by_path/translate
  response:
    body:
      string: '{"id":49,"uuid":"8cb73d91-d845-41f2-b9c6-24e1eae960af","dataset_uuid":"4e75f8b7-47b1-47c5-bc6b-1399fb603aff","description":"Translate
        text to a target language.","few_shot_count":2,"few_shot":false,"index_ids":[],"input_schema":null,"instructions":"Operation:
        translate\n\nOperation description: Translate text to a target language.","language_model_id":null,"model":"azure/gpt4-eu","out_schema":{"type":"string"},"path":"translate","project":{"uuid":"e64848ae-df03-4c0b-9a6f-4c498bf3dc8b","name":"asdfasdf"},"revision":1,"use_semantic_search":false}'
    headers:
      content-length:
      - '550'
      content-type:
      - application/json
      date:
      - Tue, 15 Oct 2024 14:18:22 GMT
      server:
      - uvicorn
    status:
      code: 200
      message: OK
- request:
    body: '{"uuid": "8cb73d91-d845-41f2-b9c6-24e1eae960af", "path": "translate", "description":
      "Translate text to a target language.", "input_schema": null, "out_schema":
      {"type": "string"}, "instructions": "Operation: translate\n\nOperation description:
      Translate text to a target language.", "model": "openai/gpt-4o", "index_ids":
      [], "use_semantic_search": false, "few_shot": false, "few_shot_count": 2, "cache_configuration":
      null, "dataset_uuid": "4e75f8b7-47b1-47c5-bc6b-1399fb603aff"}'
    headers:
      accept:
      - '*/*'
      connection:
      - keep-alive
      content-length:
      - '481'
      content-type:
      - application/json
    method: PATCH
    uri: http://localhost:8000/v1/functions/8cb73d91-d845-41f2-b9c6-24e1eae960af
  response:
    body:
      string: '{"id":49,"uuid":"8cb73d91-d845-41f2-b9c6-24e1eae960af","dataset_uuid":"4e75f8b7-47b1-47c5-bc6b-1399fb603aff","description":"Translate
        text to a target language.","few_shot_count":2,"few_shot":false,"index_ids":[],"input_schema":null,"instructions":"Operation:
        translate\n\nOperation description: Translate text to a target language.","language_model_id":null,"model":"openai/gpt-4o","out_schema":{"type":"string"},"path":"translate","project":{"uuid":"e64848ae-df03-4c0b-9a6f-4c498bf3dc8b","name":"asdfasdf"},"revision":1,"use_semantic_search":false}'
    headers:
      content-length:
      - '550'
      content-type:
      - application/json
      date:
      - Tue, 15 Oct 2024 14:18:22 GMT
      server:
      - uvicorn
    status:
      code: 200
      message: OK
- request:
    body: '{"name": null, "instructions": "you are a helpful assistant", "input_schema":
      null, "input": {"text": "Hello", "target_language": "es"}, "output_schema":
      null, "model": null, "examples": null, "stream": false, "parent_span_uuid":
      null, "configuration": null}'
    headers:
      accept:
      - '*/*'
      connection:
      - keep-alive
      content-length:
      - '258'
      content-type:
      - application/json
    method: POST
    uri: http://localhost:8000/v1/functions/8cb73d91-d845-41f2-b9c6-24e1eae960af/call
  response:
    body:
      string: '{"span_id":"a99e8de8-c399-441a-ac79-669b0a902167","message":null,"json_payload":"Hola","context":null,"cached":false}'
    headers:
      content-length:
      - '117'
      content-type:
      - application/json
      date:
      - Tue, 15 Oct 2024 14:18:22 GMT
      server:
      - uvicorn
    status:
      code: 200
      message: OK
- request:
    body: ''
    headers:
      accept:
      - '*/*'
      connection:
      - keep-alive
    method: GET
    uri: http://localhost:8000/v1/functions/by_path/translate_list
  response:
    body:
      string: '{"id":50,"uuid":"35722143-1c5e-4e6d-b9e1-6827ab0bbedc","dataset_uuid":"7ebfaa87-1516-44e4-b175-f2dcceb84d94","description":"Translate
        text to a list of target languages.","few_shot_count":2,"few_shot":false,"index_ids":[],"input_schema":null,"instructions":"Operation:
        translate_list\n\nOperation description: Translate text to a list of target
        languages.","language_model_id":null,"model":"azure/gpt4-eu","out_schema":{"type":"array","items":{"type":"string"}},"path":"translate_list","project":{"uuid":"e64848ae-df03-4c0b-9a6f-4c498bf3dc8b","name":"asdfasdf"},"revision":1,"use_semantic_search":false}'
    headers:
      content-length:
      - '603'
      content-type:
      - application/json
      date:
      - Tue, 15 Oct 2024 14:18:23 GMT
      server:
      - uvicorn
    status:
      code: 200
      message: OK
- request:
    body: '{"uuid": "35722143-1c5e-4e6d-b9e1-6827ab0bbedc", "path": "translate_list",
      "description": "Translate text to a list of target languages.", "input_schema":
      null, "out_schema": {"type": "array", "items": {"type": "string"}}, "instructions":
      "Operation: translate_list\n\nOperation description: Translate text to a list
      of target languages.", "model": "openai/gpt-4o", "index_ids": [], "use_semantic_search":
      false, "few_shot": false, "few_shot_count": 2, "cache_configuration": null,
      "dataset_uuid": "7ebfaa87-1516-44e4-b175-f2dcceb84d94"}'
    headers:
      accept:
      - '*/*'
      connection:
      - keep-alive
      content-length:
      - '537'
      content-type:
      - application/json
    method: PATCH
    uri: http://localhost:8000/v1/functions/35722143-1c5e-4e6d-b9e1-6827ab0bbedc
  response:
    body:
      string: '{"id":50,"uuid":"35722143-1c5e-4e6d-b9e1-6827ab0bbedc","dataset_uuid":"7ebfaa87-1516-44e4-b175-f2dcceb84d94","description":"Translate
        text to a list of target languages.","few_shot_count":2,"few_shot":false,"index_ids":[],"input_schema":null,"instructions":"Operation:
        translate_list\n\nOperation description: Translate text to a list of target
        languages.","language_model_id":null,"model":"openai/gpt-4o","out_schema":{"type":"array","items":{"type":"string"}},"path":"translate_list","project":{"uuid":"e64848ae-df03-4c0b-9a6f-4c498bf3dc8b","name":"asdfasdf"},"revision":1,"use_semantic_search":false}'
    headers:
      content-length:
      - '603'
      content-type:
      - application/json
      date:
      - Tue, 15 Oct 2024 14:18:23 GMT
      server:
      - uvicorn
    status:
      code: 200
      message: OK
- request:
    body: '{"name": null, "instructions": "you are a helpful assistant", "input_schema":
      null, "input": {"text": "Hello", "target_languages": ["es", "fr"]}, "output_schema":
      null, "model": null, "examples": null, "stream": false, "parent_span_uuid":
      null, "configuration": null}'
    headers:
      accept:
      - '*/*'
      connection:
      - keep-alive
      content-length:
      - '267'
      content-type:
      - application/json
    method: POST
    uri: http://localhost:8000/v1/functions/35722143-1c5e-4e6d-b9e1-6827ab0bbedc/call
  response:
    body:
      string: '{"span_id":"92bbae22-4fc2-4b09-813c-16d51cee03c7","message":null,"json_payload":["Hola","Bonjour"],"context":null,"cached":false}'
    headers:
      content-length:
      - '129'
      content-type:
      - application/json
      date:
      - Tue, 15 Oct 2024 14:18:23 GMT
      server:
      - uvicorn
    status:
      code: 200
      message: OK
version: 1
