interactions:
- request:
    body: '{"name": "test_retrieve_document"}'
    headers:
      accept:
      - '*/*'
      connection:
      - keep-alive
      content-length:
      - '34'
      content-type:
      - application/json
    method: POST
    uri: http://localhost:8000/v1/indexes
  response:
    body:
      string: '{"id":319,"uuid":"ec4261ad-38f6-4521-a203-5be4d950f6ce","name":"test_retrieve_document","project":{"uuid":"90013af4-1e41-4557-b41f-f9b4a2343923","name":"default"},"files":[],"created_at":"2024-11-25T12:36:26.483730Z"}'
    headers:
      content-length:
      - '217'
      content-type:
      - application/json
      date:
      - Mon, 25 Nov 2024 12:36:25 GMT
      server:
      - uvicorn
    status:
      code: 200
      message: OK
- request:
    body: '{"key": null, "content": "Hello", "metadata": {"source": "test"}}'
    headers:
      accept:
      - '*/*'
      connection:
      - keep-alive
      content-length:
      - '65'
      content-type:
      - application/json
    method: POST
    uri: http://localhost:8000/v1/indexes/ec4261ad-38f6-4521-a203-5be4d950f6ce/index
  response:
    body:
      string: '{"id":107,"uuid":"7ed5d5fd-d721-426a-b6a5-83b6e029dbca","key":"7ed5d5fd-d721-426a-b6a5-83b6e029dbca"}'
    headers:
      content-length:
      - '101'
      content-type:
      - application/json
      date:
      - Mon, 25 Nov 2024 12:36:25 GMT
      server:
      - uvicorn
    status:
      code: 200
      message: OK
- request:
    body: '{"q": "Hello", "k": 1, "filters": null, "parent_span_uuid": null}'
    headers:
      accept:
      - '*/*'
      connection:
      - keep-alive
      content-length:
      - '65'
      content-type:
      - application/json
    method: POST
    uri: http://localhost:8000/v1/indexes/ec4261ad-38f6-4521-a203-5be4d950f6ce/query
  response:
    body:
      string: '[{"uuid":"e9017d1d-2785-4b44-a8d1-ba5ee8fc5976","content":"Hello","metadata":{"source":"test"},"document_id":null,"created_at":null,"updated_at":null,"score":29.458036422729492,"source_uuids":["e9017d1d-2785-4b44-a8d1-ba5ee8fc5976"]}]'
    headers:
      content-length:
      - '234'
      content-type:
      - application/json
      date:
      - Mon, 25 Nov 2024 12:36:26 GMT
      server:
      - uvicorn
    status:
      code: 200
      message: OK
- request:
    body: ''
    headers:
      accept:
      - '*/*'
      connection:
      - keep-alive
    method: DELETE
    uri: http://localhost:8000/v1/indexes/ec4261ad-38f6-4521-a203-5be4d950f6ce
  response:
    body:
      string: 'true'
    headers:
      content-length:
      - '4'
      content-type:
      - application/json
      date:
      - Mon, 25 Nov 2024 12:36:26 GMT
      server:
      - uvicorn
    status:
      code: 200
      message: OK
version: 1
