interactions:
- request:
    body: '{"name": "test_retrieve_filters"}'
    headers:
      accept:
      - '*/*'
      connection:
      - keep-alive
      content-length:
      - '33'
      content-type:
      - application/json
    method: POST
    uri: http://localhost:8000/v1/indexes
  response:
    body:
      string: '{"id":18,"name":"test_retrieve_filters","files":[],"created_at":"2024-05-21T10:10:59.783712Z"}'
    headers:
      content-length:
      - '94'
      content-type:
      - application/json
      date:
      - Tue, 21 May 2024 10:10:59 GMT
      server:
      - uvicorn
    status:
      code: 200
      message: OK
- request:
    body: '{"id": null, "uuid": null, "key": null, "content": "Bonjour", "metadata":
      {"source": "test"}}'
    headers:
      accept:
      - '*/*'
      connection:
      - keep-alive
      content-length:
      - '93'
      content-type:
      - application/json
    method: POST
    uri: http://localhost:8000/v1/indexes/18/index
  response:
    body:
      string: '{"id":6,"uuid":"ddf1dedc-a4f7-425e-a964-8e6082a4a1be","key":"ddf1dedc-a4f7-425e-a964-8e6082a4a1be"}'
    headers:
      content-length:
      - '99'
      content-type:
      - application/json
      date:
      - Tue, 21 May 2024 10:10:59 GMT
      server:
      - uvicorn
    status:
      code: 200
      message: OK
- request:
    body: '{"q": "test", "k": 1, "filters": [{"key": "source", "operation": "=", "value":
      "test"}]}'
    headers:
      accept:
      - '*/*'
      connection:
      - keep-alive
      content-length:
      - '88'
      content-type:
      - application/json
    method: POST
    uri: http://localhost:8000/v1/indexes/18/query
  response:
    body:
      string: '[{"uuid":"b936d313-7787-467c-84bb-7f3fcfe8a86a","content":"Bonjour","metadata":{"source":"test"},"document_id":null,"score":4.736573219299316,"source_uuids":["b936d313-7787-467c-84bb-7f3fcfe8a86a"]}]'
    headers:
      content-length:
      - '199'
      content-type:
      - application/json
      date:
      - Tue, 21 May 2024 10:10:59 GMT
      server:
      - uvicorn
    status:
      code: 200
      message: OK
- request:
    body: ''
    headers:
      accept:
      - '*/*'
      connection:
      - keep-alive
    method: DELETE
    uri: http://localhost:8000/v1/indexes/18
  response:
    body:
      string: 'true'
    headers:
      content-length:
      - '4'
      content-type:
      - application/json
      date:
      - Tue, 21 May 2024 10:10:59 GMT
      server:
      - uvicorn
    status:
      code: 200
      message: OK
version: 1
