interactions:
- request:
    body: ''
    headers:
      accept:
      - '*/*'
      connection:
      - keep-alive
    method: GET
    uri: http://localhost:8000/v1/projects
  response:
    body:
      string: '[{"name":"default","description":"Default project","uuid":"1a57505d-46db-40eb-b07e-75d525b4cac4","organization_id":1},{"name":"op-4CF5LCHPMGON1BTMLMJL","description":null,"uuid":"326539b7-a7b2-436a-a075-1db05bd3bea9","organization_id":1},{"name":"test","description":null,"uuid":"6258267d-d725-4c9b-a6e5-80634ce95462","organization_id":1},{"name":"PROJECT","description":null,"uuid":"3c499dfe-50bf-49b3-b5c9-32f8e2977a42","organization_id":1},{"name":"PRO","description":null,"uuid":"f05ec7c2-fbeb-47de-8461-f5ab248ce48b","organization_id":1},{"name":"mattias","description":null,"uuid":"515a79b9-1f45-45dc-a001-87d53e8c50c4","organization_id":1}]'
    headers:
      content-length:
      - '647'
      content-type:
      - application/json
      date:
      - Mon, 10 Jun 2024 14:11:31 GMT
      server:
      - uvicorn
    status:
      code: 200
      message: OK
- request:
    body: ''
    headers:
      accept:
      - '*/*'
      connection:
      - keep-alive
    method: GET
    uri: http://localhost:8000/v1/projects/1a57505d-46db-40eb-b07e-75d525b4cac4/functions/by_path/test/sdk/test_create_function_async
  response:
    body:
      string: '{"errors":[{"type":"HTTPException","message":"Function not found","detail":"Function
        not found"}]}'
    headers:
      content-length:
      - '98'
      content-type:
      - application/json
      date:
      - Mon, 10 Jun 2024 14:11:31 GMT
      server:
      - uvicorn
    status:
      code: 404
      message: Not Found
- request:
    body: '{"path": "test/sdk/test_create_function_async", "description": null, "input_schema":
      null, "out_schema": null, "instructions": "Do something", "model": null, "index_ids":
      [], "use_semantic_search": null, "few_shot": null, "few_shot_count": null, "cache_configuration":
      null, "project_uuid": "1a57505d-46db-40eb-b07e-75d525b4cac4"}'
    headers:
      accept:
      - '*/*'
      connection:
      - keep-alive
      content-length:
      - '330'
      content-type:
      - application/json
    method: POST
    uri: http://localhost:8000/v1/functions
  response:
    body:
      string: '{"id":148,"uuid":"3b9d4cd7-2c2c-4faf-b4fe-7d99858fa417","dataset_uuid":"3e0b5a84-1c83-498d-ae02-7b64ba0b46c5","description":null,"few_shot_count":2,"few_shot":false,"index_ids":[],"input_schema":null,"instructions":"Do
        something","language_model_id":8,"model":"azure/gpt4-eu","out_schema":null,"path":"test/sdk/test_create_function_async","project":{"uuid":"1a57505d-46db-40eb-b07e-75d525b4cac4","name":"default"},"revision":1,"use_semantic_search":false}'
    headers:
      content-length:
      - '455'
      content-type:
      - application/json
      date:
      - Mon, 10 Jun 2024 14:11:31 GMT
      server:
      - uvicorn
    status:
      code: 200
      message: OK
- request:
    body: ''
    headers:
      accept:
      - '*/*'
      connection:
      - keep-alive
    method: DELETE
    uri: http://localhost:8000/v1/functions/3b9d4cd7-2c2c-4faf-b4fe-7d99858fa417
  response:
    body:
      string: ''
    headers:
      content-type:
      - application/json
      date:
      - Mon, 10 Jun 2024 14:11:33 GMT
      server:
      - uvicorn
    status:
      code: 204
      message: No Content
version: 1
