interactions:
- request:
    body: ''
    headers:
      accept:
      - '*/*'
      connection:
      - keep-alive
    method: GET
    uri: http://localhost:8000/v1/projects
  response:
    body:
      string: '[{"name":"default","description":"Default project","uuid":"1a57505d-46db-40eb-b07e-75d525b4cac4","organization_id":1},{"name":"op-4CF5LCHPMGON1BTMLMJL","description":null,"uuid":"326539b7-a7b2-436a-a075-1db05bd3bea9","organization_id":1},{"name":"test","description":null,"uuid":"6258267d-d725-4c9b-a6e5-80634ce95462","organization_id":1},{"name":"PROJECT","description":null,"uuid":"3c499dfe-50bf-49b3-b5c9-32f8e2977a42","organization_id":1},{"name":"PRO","description":null,"uuid":"f05ec7c2-fbeb-47de-8461-f5ab248ce48b","organization_id":1},{"name":"mattias","description":null,"uuid":"515a79b9-1f45-45dc-a001-87d53e8c50c4","organization_id":1}]'
    headers:
      content-length:
      - '647'
      content-type:
      - application/json
      date:
      - Tue, 11 Jun 2024 07:06:59 GMT
      server:
      - uvicorn
    status:
      code: 200
      message: OK
- request:
    body: ''
    headers:
      accept:
      - '*/*'
      connection:
      - keep-alive
    method: GET
    uri: http://localhost:8000/v1/indexes
  response:
    body:
      string: '[]'
    headers:
      content-length:
      - '2'
      content-type:
      - application/json
      date:
      - Tue, 11 Jun 2024 07:07:00 GMT
      server:
      - uvicorn
    status:
      code: 200
      message: OK
- request:
    body: '{"name": "test_list_indexes", "project_uuid": "1a57505d-46db-40eb-b07e-75d525b4cac4"}'
    headers:
      accept:
      - '*/*'
      connection:
      - keep-alive
      content-length:
      - '85'
      content-type:
      - application/json
    method: POST
    uri: http://localhost:8000/v1/indexes
  response:
    body:
      string: '{"id":71,"name":"test_list_indexes","project":{"uuid":"1a57505d-46db-40eb-b07e-75d525b4cac4","name":"default"},"files":[],"created_at":"2024-06-11T07:07:00.903692Z"}'
    headers:
      content-length:
      - '165'
      content-type:
      - application/json
      date:
      - Tue, 11 Jun 2024 07:07:00 GMT
      server:
      - uvicorn
    status:
      code: 200
      message: OK
- request:
    body: ''
    headers:
      accept:
      - '*/*'
      connection:
      - keep-alive
    method: GET
    uri: http://localhost:8000/v1/indexes
  response:
    body:
      string: '[{"id":71,"org_id":1,"org_name":null,"name":"test_list_indexes","created_by":"Mattias
        Lundell","created_at":"2024-06-11T07:07:00.903692Z","updated_at":"2024-06-11T07:07:00.903692Z","count":0,"project":{"uuid":"1a57505d-46db-40eb-b07e-75d525b4cac4","name":"default"}}]'
    headers:
      content-length:
      - '267'
      content-type:
      - application/json
      date:
      - Tue, 11 Jun 2024 07:07:00 GMT
      server:
      - uvicorn
    status:
      code: 200
      message: OK
- request:
    body: '{"name": "test_list_indexes_2", "project_uuid": "1a57505d-46db-40eb-b07e-75d525b4cac4"}'
    headers:
      accept:
      - '*/*'
      connection:
      - keep-alive
      content-length:
      - '87'
      content-type:
      - application/json
    method: POST
    uri: http://localhost:8000/v1/indexes
  response:
    body:
      string: '{"id":72,"name":"test_list_indexes_2","project":{"uuid":"1a57505d-46db-40eb-b07e-75d525b4cac4","name":"default"},"files":[],"created_at":"2024-06-11T07:07:00.943216Z"}'
    headers:
      content-length:
      - '167'
      content-type:
      - application/json
      date:
      - Tue, 11 Jun 2024 07:07:00 GMT
      server:
      - uvicorn
    status:
      code: 200
      message: OK
- request:
    body: ''
    headers:
      accept:
      - '*/*'
      connection:
      - keep-alive
    method: GET
    uri: http://localhost:8000/v1/indexes
  response:
    body:
      string: '[{"id":71,"org_id":1,"org_name":null,"name":"test_list_indexes","created_by":"Mattias
        Lundell","created_at":"2024-06-11T07:07:00.903692Z","updated_at":"2024-06-11T07:07:00.903692Z","count":0,"project":{"uuid":"1a57505d-46db-40eb-b07e-75d525b4cac4","name":"default"}},{"id":72,"org_id":1,"org_name":null,"name":"test_list_indexes_2","created_by":"Mattias
        Lundell","created_at":"2024-06-11T07:07:00.943216Z","updated_at":"2024-06-11T07:07:00.943216Z","count":0,"project":{"uuid":"1a57505d-46db-40eb-b07e-75d525b4cac4","name":"default"}}]'
    headers:
      content-length:
      - '535'
      content-type:
      - application/json
      date:
      - Tue, 11 Jun 2024 07:07:00 GMT
      server:
      - uvicorn
    status:
      code: 200
      message: OK
- request:
    body: ''
    headers:
      accept:
      - '*/*'
      connection:
      - keep-alive
    method: DELETE
    uri: http://localhost:8000/v1/indexes/72
  response:
    body:
      string: 'true'
    headers:
      content-length:
      - '4'
      content-type:
      - application/json
      date:
      - Tue, 11 Jun 2024 07:07:00 GMT
      server:
      - uvicorn
    status:
      code: 200
      message: OK
- request:
    body: ''
    headers:
      accept:
      - '*/*'
      connection:
      - keep-alive
    method: DELETE
    uri: http://localhost:8000/v1/indexes/71
  response:
    body:
      string: 'true'
    headers:
      content-length:
      - '4'
      content-type:
      - application/json
      date:
      - Tue, 11 Jun 2024 07:07:00 GMT
      server:
      - uvicorn
    status:
      code: 200
      message: OK
version: 1
