interactions:
- request:
    body: ''
    headers:
      accept:
      - '*/*'
      connection:
      - keep-alive
    method: GET
    uri: http://localhost:8000/v1/functions/by_path/test/sdk/test_get_by_path
  response:
    body:
      string: '{"errors":[{"type":"HTTPException","message":"Function not found","detail":"Function
        not found"}]}'
    headers:
      content-length:
      - '98'
      content-type:
      - application/json
      date:
      - Thu, 27 Jun 2024 08:31:42 GMT
      server:
      - uvicorn
    status:
      code: 404
      message: Not Found
- request:
    body: '{"uuid": null, "path": "test/sdk/test_get_by_path", "description": "Test
      function", "input_schema": null, "out_schema": null, "instructions": "Do something",
      "model": null, "index_ids": [], "use_semantic_search": null, "few_shot": null,
      "few_shot_count": null, "cache_configuration": null}'
    headers:
      accept:
      - '*/*'
      connection:
      - keep-alive
      content-length:
      - '289'
      content-type:
      - application/json
    method: POST
    uri: http://localhost:8000/v1/functions
  response:
    body:
      string: '{"id":173,"uuid":"ad6c593f-641e-4126-bc02-61a3430c1447","dataset_uuid":"a46b0d42-751f-4bf0-bdbc-f093b4342a76","description":"Test
        function","few_shot_count":2,"few_shot":false,"index_ids":[],"input_schema":null,"instructions":"Do
        something","language_model_id":null,"model":"azure/gpt4-eu","out_schema":null,"path":"test/sdk/test_get_by_path","project":{"uuid":"95a24c52-c137-42c6-be98-f751625712dc","name":"tt"},"revision":1,"use_semantic_search":false}'
    headers:
      content-length:
      - '454'
      content-type:
      - application/json
      date:
      - Thu, 27 Jun 2024 08:31:42 GMT
      server:
      - uvicorn
    status:
      code: 200
      message: OK
- request:
    body: ''
    headers:
      accept:
      - '*/*'
      connection:
      - keep-alive
    method: GET
    uri: http://localhost:8000/v1/functions/by_path/test/sdk/test_get_by_path
  response:
    body:
      string: '{"id":173,"uuid":"ad6c593f-641e-4126-bc02-61a3430c1447","dataset_uuid":"a46b0d42-751f-4bf0-bdbc-f093b4342a76","description":"Test
        function","few_shot_count":2,"few_shot":false,"index_ids":[],"input_schema":null,"instructions":"Do
        something","language_model_id":null,"model":"azure/gpt4-eu","out_schema":null,"path":"test/sdk/test_get_by_path","project":{"uuid":"95a24c52-c137-42c6-be98-f751625712dc","name":"tt"},"revision":1,"use_semantic_search":false}'
    headers:
      content-length:
      - '454'
      content-type:
      - application/json
      date:
      - Thu, 27 Jun 2024 08:31:42 GMT
      server:
      - uvicorn
    status:
      code: 200
      message: OK
- request:
    body: ''
    headers:
      accept:
      - '*/*'
      connection:
      - keep-alive
    method: DELETE
    uri: http://localhost:8000/v1/functions/ad6c593f-641e-4126-bc02-61a3430c1447
  response:
    body:
      string: ''
    headers:
      content-type:
      - application/json
      date:
      - Thu, 27 Jun 2024 08:31:42 GMT
      server:
      - uvicorn
    status:
      code: 204
      message: No Content
version: 1
