interactions:
- request:
    body: ''
    headers:
      accept:
      - '*/*'
      connection:
      - keep-alive
    method: GET
    uri: http://localhost:8000/v1/functions/by_path/test/sdk/test_get_by_path
  response:
    body:
      string: '{"errors":[{"type":"HTTPException","message":"Function not found","detail":"Function
        not found"}]}'
    headers:
      content-length:
      - '98'
      content-type:
      - application/json
      date:
      - Tue, 15 Oct 2024 14:18:24 GMT
      server:
      - uvicorn
    status:
      code: 404
      message: Not Found
- request:
    body: '{"uuid": null, "path": "test/sdk/test_get_by_path", "description": "Test
      function", "input_schema": null, "out_schema": null, "instructions": "Do something",
      "model": null, "index_ids": [], "use_semantic_search": null, "few_shot": null,
      "few_shot_count": null, "cache_configuration": null, "dataset_uuid": null}'
    headers:
      accept:
      - '*/*'
      connection:
      - keep-alive
      content-length:
      - '311'
      content-type:
      - application/json
    method: POST
    uri: http://localhost:8000/v1/functions
  response:
    body:
      string: '{"id":53,"uuid":"b01ce760-a80d-46d1-a957-39772fd55b77","dataset_uuid":"59a33939-4cec-456f-a7a8-e5e53ca4dd79","description":"Test
        function","few_shot_count":2,"few_shot":false,"index_ids":[],"input_schema":null,"instructions":"Do
        something","language_model_id":null,"model":"azure/gpt4-eu","out_schema":null,"path":"test/sdk/test_get_by_path","project":{"uuid":"e64848ae-df03-4c0b-9a6f-4c498bf3dc8b","name":"asdfasdf"},"revision":1,"use_semantic_search":false}'
    headers:
      content-length:
      - '459'
      content-type:
      - application/json
      date:
      - Tue, 15 Oct 2024 14:18:24 GMT
      server:
      - uvicorn
    status:
      code: 200
      message: OK
- request:
    body: ''
    headers:
      accept:
      - '*/*'
      connection:
      - keep-alive
    method: GET
    uri: http://localhost:8000/v1/functions/by_path/test/sdk/test_get_by_path
  response:
    body:
      string: '{"id":53,"uuid":"b01ce760-a80d-46d1-a957-39772fd55b77","dataset_uuid":"59a33939-4cec-456f-a7a8-e5e53ca4dd79","description":"Test
        function","few_shot_count":2,"few_shot":false,"index_ids":[],"input_schema":null,"instructions":"Do
        something","language_model_id":null,"model":"azure/gpt4-eu","out_schema":null,"path":"test/sdk/test_get_by_path","project":{"uuid":"e64848ae-df03-4c0b-9a6f-4c498bf3dc8b","name":"asdfasdf"},"revision":1,"use_semantic_search":false}'
    headers:
      content-length:
      - '459'
      content-type:
      - application/json
      date:
      - Tue, 15 Oct 2024 14:18:24 GMT
      server:
      - uvicorn
    status:
      code: 200
      message: OK
- request:
    body: ''
    headers:
      accept:
      - '*/*'
      connection:
      - keep-alive
    method: DELETE
    uri: http://localhost:8000/v1/functions/b01ce760-a80d-46d1-a957-39772fd55b77
  response:
    body:
      string: ''
    headers:
      content-type:
      - application/json
      date:
      - Tue, 15 Oct 2024 14:18:24 GMT
      server:
      - uvicorn
    status:
      code: 204
      message: No Content
version: 1
